// Jest Snapshot v1, https://goo.gl/fbAQLP

exports[`cli adapters contentful transforms data into expected structure 1`] = `
Object {
  "en-us": Object {
    "test": Object {
      "hola": "mundo",
    },
  },
}
`;

exports[`cli commands clone() writes data returned from the adapter to the file system 1`] = `
"export const copy = {
  \\"test\\": \\"data\\"
} as const;"
`;
